// Jest Snapshot v1, https://goo.gl/fbAQLP

exports[`matches snapshot 1`] = `
<body>
  <div>
    <div
      class="characterProfile flex flex-col items-center lg:items-start gap-4 lg:gap-10 bg-slate-100"
    >
      <h3
        class="text-center w-full lg:text-2xl font-bold"
      >
        Character Details
      </h3>
      <div
        class="flex w-full flex-col items-center gap-2 lg:gap-6 bg-slate-200 border rounded-lg py-2"
      >
        <div
          class="w-[7rem] h-[7rem] lg:w-[15rem] lg:h-[15rem] rounded-full"
        >
          <img
            alt=""
            class="w-[100%] h-[100%] rounded-full"
            height="500"
            src="https://rickandmortyapi.com/api/character/avatar/7.jpeg"
            width="500"
          />
        </div>
        <h2
          class="text-green-400 text-lg lg:text-2xl"
        >
          Abradolf Lincler
        </h2>
        <div
          class="flex flex-col lg:flex-row lg:gap-[3rem] gap-[1rem]"
        >
          <div
            class="flex flex-col items-center"
          >
            <p
              class="text-xs text-gray-400"
            >
              Gender
            </p>
            <p
              class="text-lg font-semi-bold"
            >
              Male
            </p>
          </div>
          <div
            class="flex flex-col items-center"
          >
            <p
              class="text-xs text-gray-400"
            >
              Species
            </p>
            <p
              class="text-lg font-semi-bold"
            >
              Human
            </p>
          </div>
          <div
            class="flex flex-col items-center"
          >
            <p
              class="text-xs text-gray-400"
            >
              Status
            </p>
            <p
              class="text-lg font-semi-bold"
            >
              unknown
            </p>
          </div>
          <div
            class="flex flex-col items-center"
          >
            <p
              class="text-xs text-gray-400"
            >
              Date Added
            </p>
            <p
              class="text-lg font-semi-bold"
            >
              6 November 2017
            </p>
          </div>
        </div>
      </div>
      <p
        class="flex gap-2 "
      >
        Last seen at: 
        <p
          class="text-green-500"
        >
          Testicle Monster Dimension
        </p>
         
      </p>
      <p
        class="flex gap-2 "
      >
        Place of origin: 
        <p
          class="text-green-500"
        >
          Earth (Replacement Dimension)
        </p>
         
      </p>
      <p
        class="underline"
      >
        Episodes
      </p>
      <div
        class="characterDetails grid lg:grid-cols-2 gap-4 w-full"
      >
        <div
          class="text-center lg:text-start"
        >
          <p
            class="text-sm"
          >
            <b
              class="text-green-400"
            >
              S01E10
            </b>
             - 
          </p>
        </div>
        <div
          class="text-center lg:text-start"
        >
          <p
            class="text-sm"
          >
            <b
              class="text-green-400"
            >
              S01E11
            </b>
             - 
          </p>
        </div>
      </div>
    </div>
  </div>
</body>
`;
